>>> matrix_divided = __import__('2-matrix_divided').matrix_divided

# Test Normal Matrix
>>> matrix = [[1, 2, 3], [4, 5, 6]]
>>> matrix_divided(matrix, 3)
[[0.33, 0.67, 1.0], [1.33, 1.67, 2.0]]

# Test Empty Matrix
>>> matrix = [[]]
>>> matrix_divided(matrix, 2)
[[]]

# Test Single Element Matrix
>>> matrix = [[5]]
>>> matrix_divided(matrix, 5)
[[1.0]]

# Test Matrix with Negative Numbers
>>> matrix = [[-10, -20], [-30, -40]]
>>> matrix_divided(matrix, 2)
[[-5.0, -10.0], [-15.0, -20.0]]

# Test Non-numeric Matrix
>>> matrix = [[1, 2, 3], [4, 5, 'a']]
>>> matrix_divided(matrix, 2)
Traceback (most recent call last):
TypeError: matrix must be a matrix (list of lists) of integers/floats

# Test Matrix with Rows of Different Sizes
>>> matrix = [[1, 2, 3], [4, 5], [6, 7, 8]]
>>> matrix_divided(matrix, 2)
Traceback (most recent call last):
TypeError: Each row of the matrix must have the same size

# Test Dividing by Zero
>>> matrix = [[1, 2], [3, 4]]
>>> matrix_divided(matrix, 0)
Traceback (most recent call last):
ZeroDivisionError: division by zero

# Test Non-numeric Divisor
>>> matrix = [[1, 2], [3, 4]]
>>> matrix_divided(matrix, 'a')
Traceback (most recent call last):
TypeError: div must be a number
